mode: set
github.com/shallowclouds/omil/influxdb/influx.go:27.75,33.16 2 0
github.com/shallowclouds/omil/influxdb/influx.go:36.2,47.44 4 0
github.com/shallowclouds/omil/influxdb/influx.go:52.2,52.15 1 0
github.com/shallowclouds/omil/influxdb/influx.go:33.16,35.3 1 0
github.com/shallowclouds/omil/influxdb/influx.go:47.44,50.3 2 0
github.com/shallowclouds/omil/influxdb/influx.go:55.113,57.16 2 0
github.com/shallowclouds/omil/influxdb/influx.go:61.2,61.22 1 0
github.com/shallowclouds/omil/influxdb/influx.go:57.16,60.3 2 0
github.com/shallowclouds/omil/influxdb/influx.go:64.28,68.16 2 0
github.com/shallowclouds/omil/influxdb/influx.go:71.2,72.6 2 0
github.com/shallowclouds/omil/influxdb/influx.go:97.2,97.49 1 0
github.com/shallowclouds/omil/influxdb/influx.go:100.2,100.13 1 0
github.com/shallowclouds/omil/influxdb/influx.go:68.16,70.3 1 0
github.com/shallowclouds/omil/influxdb/influx.go:72.6,74.10 2 0
github.com/shallowclouds/omil/influxdb/influx.go:79.3,81.30 3 0
github.com/shallowclouds/omil/influxdb/influx.go:84.3,84.50 1 0
github.com/shallowclouds/omil/influxdb/influx.go:88.3,91.17 2 0
github.com/shallowclouds/omil/influxdb/influx.go:94.3,94.11 1 0
github.com/shallowclouds/omil/influxdb/influx.go:75.30,75.30 0 0
github.com/shallowclouds/omil/influxdb/influx.go:76.21,77.12 1 0
github.com/shallowclouds/omil/influxdb/influx.go:81.30,82.12 1 0
github.com/shallowclouds/omil/influxdb/influx.go:84.50,86.12 2 0
github.com/shallowclouds/omil/influxdb/influx.go:91.17,93.4 1 0
github.com/shallowclouds/omil/influxdb/influx.go:97.49,99.3 1 0
github.com/shallowclouds/omil/influxdb/influx.go:103.32,107.2 3 0
github.com/shallowclouds/omil/influxdb/influx.go:109.31,112.2 2 0
github.com/shallowclouds/omil/influxdb/influx2.go:19.70,31.2 6 0
github.com/shallowclouds/omil/influxdb/influx2.go:34.115,42.2 2 0
github.com/shallowclouds/omil/influxdb/influx2.go:45.34,48.2 2 1
github.com/shallowclouds/omil/influxdb/influx2.go:51.33,56.2 4 1
github.com/shallowclouds/omil/influxdb/influx2.go:59.31,60.6 1 1
github.com/shallowclouds/omil/influxdb/influx2.go:60.6,61.10 1 1
github.com/shallowclouds/omil/influxdb/influx2.go:62.32,63.18 1 1
github.com/shallowclouds/omil/influxdb/influx2.go:67.4,67.69 1 1
github.com/shallowclouds/omil/influxdb/influx2.go:68.21,70.10 2 1
github.com/shallowclouds/omil/influxdb/influx2.go:63.18,66.5 2 0
github.com/shallowclouds/omil/icmp/pinger.go:32.45,34.16 2 1
github.com/shallowclouds/omil/icmp/pinger.go:37.2,37.37 1 0
github.com/shallowclouds/omil/icmp/pinger.go:34.16,36.3 1 1
github.com/shallowclouds/omil/icmp/pinger.go:57.113,60.30 2 1
github.com/shallowclouds/omil/icmp/pinger.go:67.2,67.28 1 1
github.com/shallowclouds/omil/icmp/pinger.go:71.2,71.19 1 1
github.com/shallowclouds/omil/icmp/pinger.go:75.2,75.19 1 1
github.com/shallowclouds/omil/icmp/pinger.go:79.2,86.8 1 1
github.com/shallowclouds/omil/icmp/pinger.go:60.30,62.17 2 1
github.com/shallowclouds/omil/icmp/pinger.go:62.17,64.4 1 1
github.com/shallowclouds/omil/icmp/pinger.go:67.28,69.3 1 0
github.com/shallowclouds/omil/icmp/pinger.go:71.19,73.3 1 1
github.com/shallowclouds/omil/icmp/pinger.go:75.19,77.3 1 1
github.com/shallowclouds/omil/icmp/pinger.go:92.50,93.21 1 1
github.com/shallowclouds/omil/icmp/pinger.go:104.2,106.48 2 1
github.com/shallowclouds/omil/icmp/pinger.go:132.2,132.48 1 1
github.com/shallowclouds/omil/icmp/pinger.go:136.2,139.12 3 1
github.com/shallowclouds/omil/icmp/pinger.go:155.2,155.39 1 1
github.com/shallowclouds/omil/icmp/pinger.go:159.2,159.12 1 1
github.com/shallowclouds/omil/icmp/pinger.go:93.21,95.17 2 1
github.com/shallowclouds/omil/icmp/pinger.go:98.3,98.15 1 0
github.com/shallowclouds/omil/icmp/pinger.go:95.17,97.4 1 1
github.com/shallowclouds/omil/icmp/pinger.go:106.48,107.21 1 0
github.com/shallowclouds/omil/icmp/pinger.go:110.3,113.46 3 0
github.com/shallowclouds/omil/icmp/pinger.go:107.21,109.4 1 0
github.com/shallowclouds/omil/icmp/pinger.go:113.46,128.4 2 0
github.com/shallowclouds/omil/icmp/pinger.go:132.48,134.3 1 0
github.com/shallowclouds/omil/icmp/pinger.go:139.12,141.31 1 1
github.com/shallowclouds/omil/icmp/pinger.go:141.31,142.18 1 0
github.com/shallowclouds/omil/icmp/pinger.go:145.4,151.6 1 0
github.com/shallowclouds/omil/icmp/pinger.go:142.18,143.10 1 0
github.com/shallowclouds/omil/icmp/pinger.go:155.39,157.3 1 1
github.com/shallowclouds/omil/icmp/pinger.go:162.32,163.21 1 1
github.com/shallowclouds/omil/icmp/pinger.go:166.2,167.12 2 1
github.com/shallowclouds/omil/icmp/pinger.go:163.21,165.3 1 1
github.com/shallowclouds/omil/icmp/pinger.go:170.33,172.2 1 1
github.com/shallowclouds/omil/loop/loop.go:27.64,37.12 8 1
github.com/shallowclouds/omil/loop/loop.go:44.2,46.12 3 1
github.com/shallowclouds/omil/loop/loop.go:59.2,59.35 1 1
github.com/shallowclouds/omil/loop/loop.go:91.2,92.9 2 1
github.com/shallowclouds/omil/loop/loop.go:37.12,42.3 4 1
github.com/shallowclouds/omil/loop/loop.go:46.12,51.36 5 1
github.com/shallowclouds/omil/loop/loop.go:51.36,53.41 2 1
github.com/shallowclouds/omil/loop/loop.go:53.41,55.5 1 0
github.com/shallowclouds/omil/loop/loop.go:59.35,62.13 3 1
github.com/shallowclouds/omil/loop/loop.go:62.13,64.8 2 1
github.com/shallowclouds/omil/loop/loop.go:64.8,66.17 2 1
github.com/shallowclouds/omil/loop/loop.go:71.5,73.40 2 1
github.com/shallowclouds/omil/loop/loop.go:77.5,77.12 1 1
github.com/shallowclouds/omil/loop/loop.go:66.17,70.6 3 0
github.com/shallowclouds/omil/loop/loop.go:73.40,75.6 1 1
github.com/shallowclouds/omil/loop/loop.go:78.23,79.12 1 1
github.com/shallowclouds/omil/loop/loop.go:80.40,82.17 2 1
github.com/shallowclouds/omil/loop/loop.go:85.6,85.18 1 1
github.com/shallowclouds/omil/loop/loop.go:82.17,84.7 1 1
github.com/shallowclouds/omil/loop/loop.go:93.23,94.13 1 1
github.com/shallowclouds/omil/loop/loop.go:95.10,96.13 1 1
