mode: set
github.com/shallowclouds/omil/loop/loop.go:27.64,37.12 8 1
github.com/shallowclouds/omil/loop/loop.go:44.2,46.12 3 1
github.com/shallowclouds/omil/loop/loop.go:59.2,59.35 1 1
github.com/shallowclouds/omil/loop/loop.go:91.2,92.9 2 1
github.com/shallowclouds/omil/loop/loop.go:37.12,42.3 4 1
github.com/shallowclouds/omil/loop/loop.go:46.12,51.36 5 1
github.com/shallowclouds/omil/loop/loop.go:51.36,53.41 2 1
github.com/shallowclouds/omil/loop/loop.go:53.41,55.5 1 0
github.com/shallowclouds/omil/loop/loop.go:59.35,62.13 3 1
github.com/shallowclouds/omil/loop/loop.go:62.13,64.8 2 1
github.com/shallowclouds/omil/loop/loop.go:64.8,66.17 2 1
github.com/shallowclouds/omil/loop/loop.go:71.5,73.40 2 1
github.com/shallowclouds/omil/loop/loop.go:77.5,77.12 1 1
github.com/shallowclouds/omil/loop/loop.go:66.17,70.6 3 0
github.com/shallowclouds/omil/loop/loop.go:73.40,75.6 1 1
github.com/shallowclouds/omil/loop/loop.go:78.23,79.12 1 1
github.com/shallowclouds/omil/loop/loop.go:80.40,82.17 2 1
github.com/shallowclouds/omil/loop/loop.go:85.6,85.18 1 1
github.com/shallowclouds/omil/loop/loop.go:82.17,84.7 1 1
github.com/shallowclouds/omil/loop/loop.go:93.23,94.13 1 1
github.com/shallowclouds/omil/loop/loop.go:95.10,96.13 1 1
